........................................................................ [ 94%]
....                                                                     [100%]
76 passed in 0.13s
